// Jest Snapshot v1, https://goo.gl/fbAQLP

exports[`GifExpertApp Component test GifExpertApp should return a snapshot 1`] = `
<Fragment>
  <h1>
    GifExpertApp
  </h1>
  <AddCategory
    setCategories={[Function]}
  />
  <hr />
  <ol>
    <GifGrid
      category="Dragon"
      key="Dragon"
    />
  </ol>
</Fragment>
`;
